07:50:30 **** Incremental Build of configuration Debug for project DiscoF411_StateMachine ****
make -j16 all 
arm-none-eabi-gcc "../source/application.c" -mcpu=cortex-m4 -std=gnu11 -g3 -DDEBUG -DUSE_HAL_DRIVER -DSTM32F411xE -c -I../USB_HOST/App -I"C:/Users/Agrica/Desktop/DESKTOP/Projeler/StateMachine/DiscoF411_StateMachine/source" -I../USB_HOST/Target -I../Core/Inc -I../Drivers/STM32F4xx_HAL_Driver/Inc -I../Drivers/STM32F4xx_HAL_Driver/Inc/Legacy -I../Middlewares/ST/STM32_USB_Host_Library/Core/Inc -I../Middlewares/ST/STM32_USB_Host_Library/Class/CDC/Inc -I../Drivers/CMSIS/Device/ST/STM32F4xx/Include -I../Drivers/CMSIS/Include -O0 -ffunction-sections -fdata-sections -Wall -fstack-usage -fcyclomatic-complexity -MMD -MP -MF"source/application.d" -MT"source/application.o" --specs=nano.specs -mfpu=fpv4-sp-d16 -mfloat-abi=hard -mthumb -o "source/application.o"
arm-none-eabi-gcc -o "DiscoF411_StateMachine.elf" @"objects.list"   -mcpu=cortex-m4 -T"C:\Users\Agrica\Desktop\DESKTOP\Projeler\StateMachine\DiscoF411_StateMachine\STM32F411VETX_FLASH.ld" --specs=nosys.specs -Wl,-Map="DiscoF411_StateMachine.map" -Wl,--gc-sections -static --specs=nano.specs -mfpu=fpv4-sp-d16 -mfloat-abi=hard -mthumb -Wl,--start-group -lc -lm -Wl,--end-group
Finished building target: DiscoF411_StateMachine.elf
 
arm-none-eabi-size   DiscoF411_StateMachine.elf 
arm-none-eabi-objdump -h -S  DiscoF411_StateMachine.elf  > "DiscoF411_StateMachine.list"
   text	   data	    bss	    dec	    hex	filename
  32096	    132	   3980	  36208	   8d70	DiscoF411_StateMachine.elf
Finished building: default.size.stdout
 
Finished building: DiscoF411_StateMachine.list
 

07:50:31 Build Finished. 0 errors, 0 warnings. (took 592ms)

