23:13:34 **** Incremental Build of configuration Debug for project DiscoF411_StateMachine ****
make -j16 all 
arm-none-eabi-gcc "../source/application.c" -mcpu=cortex-m4 -std=gnu11 -g3 -DDEBUG -DUSE_HAL_DRIVER -DSTM32F411xE -c -I../USB_HOST/App -I"C:/Users/Agrica/Desktop/DESKTOP/Projeler/StateMachine/DiscoF411_StateMachine/source" -I../USB_HOST/Target -I../Core/Inc -I../Drivers/STM32F4xx_HAL_Driver/Inc -I../Drivers/STM32F4xx_HAL_Driver/Inc/Legacy -I../Middlewares/ST/STM32_USB_Host_Library/Core/Inc -I../Middlewares/ST/STM32_USB_Host_Library/Class/CDC/Inc -I../Drivers/CMSIS/Device/ST/STM32F4xx/Include -I../Drivers/CMSIS/Include -O0 -ffunction-sections -fdata-sections -Wall -fstack-usage -fcyclomatic-complexity -MMD -MP -MF"source/application.d" -MT"source/application.o" --specs=nano.specs -mfpu=fpv4-sp-d16 -mfloat-abi=hard -mthumb -o "source/application.o"
arm-none-eabi-gcc "../source/i2c_app.c" -mcpu=cortex-m4 -std=gnu11 -g3 -DDEBUG -DUSE_HAL_DRIVER -DSTM32F411xE -c -I../USB_HOST/App -I"C:/Users/Agrica/Desktop/DESKTOP/Projeler/StateMachine/DiscoF411_StateMachine/source" -I../USB_HOST/Target -I../Core/Inc -I../Drivers/STM32F4xx_HAL_Driver/Inc -I../Drivers/STM32F4xx_HAL_Driver/Inc/Legacy -I../Middlewares/ST/STM32_USB_Host_Library/Core/Inc -I../Middlewares/ST/STM32_USB_Host_Library/Class/CDC/Inc -I../Drivers/CMSIS/Device/ST/STM32F4xx/Include -I../Drivers/CMSIS/Include -O0 -ffunction-sections -fdata-sections -Wall -fstack-usage -fcyclomatic-complexity -MMD -MP -MF"source/i2c_app.d" -MT"source/i2c_app.o" --specs=nano.specs -mfpu=fpv4-sp-d16 -mfloat-abi=hard -mthumb -o "source/i2c_app.o"
arm-none-eabi-gcc "../source/systick.c" -mcpu=cortex-m4 -std=gnu11 -g3 -DDEBUG -DUSE_HAL_DRIVER -DSTM32F411xE -c -I../USB_HOST/App -I"C:/Users/Agrica/Desktop/DESKTOP/Projeler/StateMachine/DiscoF411_StateMachine/source" -I../USB_HOST/Target -I../Core/Inc -I../Drivers/STM32F4xx_HAL_Driver/Inc -I../Drivers/STM32F4xx_HAL_Driver/Inc/Legacy -I../Middlewares/ST/STM32_USB_Host_Library/Core/Inc -I../Middlewares/ST/STM32_USB_Host_Library/Class/CDC/Inc -I../Drivers/CMSIS/Device/ST/STM32F4xx/Include -I../Drivers/CMSIS/Include -O0 -ffunction-sections -fdata-sections -Wall -fstack-usage -fcyclomatic-complexity -MMD -MP -MF"source/systick.d" -MT"source/systick.o" --specs=nano.specs -mfpu=fpv4-sp-d16 -mfloat-abi=hard -mthumb -o "source/systick.o"
arm-none-eabi-gcc "../source/timer.c" -mcpu=cortex-m4 -std=gnu11 -g3 -DDEBUG -DUSE_HAL_DRIVER -DSTM32F411xE -c -I../USB_HOST/App -I"C:/Users/Agrica/Desktop/DESKTOP/Projeler/StateMachine/DiscoF411_StateMachine/source" -I../USB_HOST/Target -I../Core/Inc -I../Drivers/STM32F4xx_HAL_Driver/Inc -I../Drivers/STM32F4xx_HAL_Driver/Inc/Legacy -I../Middlewares/ST/STM32_USB_Host_Library/Core/Inc -I../Middlewares/ST/STM32_USB_Host_Library/Class/CDC/Inc -I../Drivers/CMSIS/Device/ST/STM32F4xx/Include -I../Drivers/CMSIS/Include -O0 -ffunction-sections -fdata-sections -Wall -fstack-usage -fcyclomatic-complexity -MMD -MP -MF"source/timer.d" -MT"source/timer.o" --specs=nano.specs -mfpu=fpv4-sp-d16 -mfloat-abi=hard -mthumb -o "source/timer.o"
arm-none-eabi-gcc "../source/uart_app.c" -mcpu=cortex-m4 -std=gnu11 -g3 -DDEBUG -DUSE_HAL_DRIVER -DSTM32F411xE -c -I../USB_HOST/App -I"C:/Users/Agrica/Desktop/DESKTOP/Projeler/StateMachine/DiscoF411_StateMachine/source" -I../USB_HOST/Target -I../Core/Inc -I../Drivers/STM32F4xx_HAL_Driver/Inc -I../Drivers/STM32F4xx_HAL_Driver/Inc/Legacy -I../Middlewares/ST/STM32_USB_Host_Library/Core/Inc -I../Middlewares/ST/STM32_USB_Host_Library/Class/CDC/Inc -I../Drivers/CMSIS/Device/ST/STM32F4xx/Include -I../Drivers/CMSIS/Include -O0 -ffunction-sections -fdata-sections -Wall -fstack-usage -fcyclomatic-complexity -MMD -MP -MF"source/uart_app.d" -MT"source/uart_app.o" --specs=nano.specs -mfpu=fpv4-sp-d16 -mfloat-abi=hard -mthumb -o "source/uart_app.o"
arm-none-eabi-gcc "../Core/Src/main.c" -mcpu=cortex-m4 -std=gnu11 -g3 -DDEBUG -DUSE_HAL_DRIVER -DSTM32F411xE -c -I../USB_HOST/App -I"C:/Users/Agrica/Desktop/DESKTOP/Projeler/StateMachine/DiscoF411_StateMachine/source" -I../USB_HOST/Target -I../Core/Inc -I../Drivers/STM32F4xx_HAL_Driver/Inc -I../Drivers/STM32F4xx_HAL_Driver/Inc/Legacy -I../Middlewares/ST/STM32_USB_Host_Library/Core/Inc -I../Middlewares/ST/STM32_USB_Host_Library/Class/CDC/Inc -I../Drivers/CMSIS/Device/ST/STM32F4xx/Include -I../Drivers/CMSIS/Include -O0 -ffunction-sections -fdata-sections -Wall -fstack-usage -fcyclomatic-complexity -MMD -MP -MF"Core/Src/main.d" -MT"Core/Src/main.o" --specs=nano.specs -mfpu=fpv4-sp-d16 -mfloat-abi=hard -mthumb -o "Core/Src/main.o"
../source/uart_app.c: In function 'uartSendDMA':
../source/uart_app.c:31:13: error: 'huart' undeclared (first use in this function)
   31 |         if((huart->Instance->SR) & (1<<6))
      |             ^~~~~
../source/uart_app.c:31:13: note: each undeclared identifier is reported only once for each function it appears in
make: *** [source/subdir.mk:31: source/uart_app.o] Error 1
make: *** Waiting for unfinished jobs....
"make -j16 all" terminated with exit code 2. Build might be incomplete.
23:13:44 **** Incremental Build of configuration Debug for project DiscoF411_StateMachine ****
make -j16 all 
arm-none-eabi-gcc "../source/uart_app.c" -mcpu=cortex-m4 -std=gnu11 -g3 -DDEBUG -DUSE_HAL_DRIVER -DSTM32F411xE -c -I../USB_HOST/App -I"C:/Users/Agrica/Desktop/DESKTOP/Projeler/StateMachine/DiscoF411_StateMachine/source" -I../USB_HOST/Target -I../Core/Inc -I../Drivers/STM32F4xx_HAL_Driver/Inc -I../Drivers/STM32F4xx_HAL_Driver/Inc/Legacy -I../Middlewares/ST/STM32_USB_Host_Library/Core/Inc -I../Middlewares/ST/STM32_USB_Host_Library/Class/CDC/Inc -I../Drivers/CMSIS/Device/ST/STM32F4xx/Include -I../Drivers/CMSIS/Include -O0 -ffunction-sections -fdata-sections -Wall -fstack-usage -fcyclomatic-complexity -MMD -MP -MF"source/uart_app.d" -MT"source/uart_app.o" --specs=nano.specs -mfpu=fpv4-sp-d16 -mfloat-abi=hard -mthumb -o "source/uart_app.o"
../source/uart_app.c: In function 'uartSendDMA':
../source/uart_app.c:31:19: warning: dereferencing 'void *' pointer
   31 |         if((handle->Instance->SR) & (1<<6))
      |                   ^~
../source/uart_app.c:31:19: error: request for member 'Instance' in something not a structure or union
make: *** [source/subdir.mk:31: source/uart_app.o] Error 1
"make -j16 all" terminated with exit code 2. Build might be incomplete.
23:13:57 **** Incremental Build of configuration Debug for project DiscoF411_StateMachine ****
make -j16 all 
arm-none-eabi-gcc "../source/uart_app.c" -mcpu=cortex-m4 -std=gnu11 -g3 -DDEBUG -DUSE_HAL_DRIVER -DSTM32F411xE -c -I../USB_HOST/App -I"C:/Users/Agrica/Desktop/DESKTOP/Projeler/StateMachine/DiscoF411_StateMachine/source" -I../USB_HOST/Target -I../Core/Inc -I../Drivers/STM32F4xx_HAL_Driver/Inc -I../Drivers/STM32F4xx_HAL_Driver/Inc/Legacy -I../Middlewares/ST/STM32_USB_Host_Library/Core/Inc -I../Middlewares/ST/STM32_USB_Host_Library/Class/CDC/Inc -I../Drivers/CMSIS/Device/ST/STM32F4xx/Include -I../Drivers/CMSIS/Include -O0 -ffunction-sections -fdata-sections -Wall -fstack-usage -fcyclomatic-complexity -MMD -MP -MF"source/uart_app.d" -MT"source/uart_app.o" --specs=nano.specs -mfpu=fpv4-sp-d16 -mfloat-abi=hard -mthumb -o "source/uart_app.o"
../source/uart_app.c: In function 'uartSendDMA':
../source/uart_app.c:31:19: warning: dereferencing 'void *' pointer
   31 |         if((handle->Instance->SR) & (1<<6))
      |                   ^~
../source/uart_app.c:31:19: error: request for member 'Instance' in something not a structure or union
../source/uart_app.c:28:29: warning: unused variable 'huart' [-Wunused-variable]
   28 |         UART_HandleTypeDef *huart = (void *)handle;     //generic tasarlanan handle gerekli olan handle tipine cast edilir.
      |                             ^~~~~
make: *** [source/subdir.mk:31: source/uart_app.o] Error 1
"make -j16 all" terminated with exit code 2. Build might be incomplete.
23:14:04 **** Incremental Build of configuration Debug for project DiscoF411_StateMachine ****
make -j16 all 
arm-none-eabi-gcc "../source/uart_app.c" -mcpu=cortex-m4 -std=gnu11 -g3 -DDEBUG -DUSE_HAL_DRIVER -DSTM32F411xE -c -I../USB_HOST/App -I"C:/Users/Agrica/Desktop/DESKTOP/Projeler/StateMachine/DiscoF411_StateMachine/source" -I../USB_HOST/Target -I../Core/Inc -I../Drivers/STM32F4xx_HAL_Driver/Inc -I../Drivers/STM32F4xx_HAL_Driver/Inc/Legacy -I../Middlewares/ST/STM32_USB_Host_Library/Core/Inc -I../Middlewares/ST/STM32_USB_Host_Library/Class/CDC/Inc -I../Drivers/CMSIS/Device/ST/STM32F4xx/Include -I../Drivers/CMSIS/Include -O0 -ffunction-sections -fdata-sections -Wall -fstack-usage -fcyclomatic-complexity -MMD -MP -MF"source/uart_app.d" -MT"source/uart_app.o" --specs=nano.specs -mfpu=fpv4-sp-d16 -mfloat-abi=hard -mthumb -o "source/uart_app.o"
arm-none-eabi-gcc -o "DiscoF411_StateMachine.elf" @"objects.list"   -mcpu=cortex-m4 -T"C:\Users\Agrica\Desktop\DESKTOP\Projeler\StateMachine\DiscoF411_StateMachine\STM32F411VETX_FLASH.ld" --specs=nosys.specs -Wl,-Map="DiscoF411_StateMachine.map" -Wl,--gc-sections -static --specs=nano.specs -mfpu=fpv4-sp-d16 -mfloat-abi=hard -mthumb -Wl,--start-group -lc -lm -Wl,--end-group
Finished building target: DiscoF411_StateMachine.elf
 
arm-none-eabi-size   DiscoF411_StateMachine.elf 
arm-none-eabi-objdump -h -S  DiscoF411_StateMachine.elf  > "DiscoF411_StateMachine.list"
   text	   data	    bss	    dec	    hex	filename
  37456	    164	   4412	  42032	   a430	DiscoF411_StateMachine.elf
Finished building: default.size.stdout
 
Finished building: DiscoF411_StateMachine.list
 
23:14:10 **** Incremental Build of configuration Debug for project DiscoF411_StateMachine ****
make -j16 all 
arm-none-eabi-size   DiscoF411_StateMachine.elf 
   text	   data	    bss	    dec	    hex	filename
  37456	    164	   4412	  42032	   a430	DiscoF411_StateMachine.elf
Finished building: default.size.stdout
 
23:15:54 **** Incremental Build of configuration Debug for project DiscoF411_StateMachine ****
make -j16 all 
arm-none-eabi-size   DiscoF411_StateMachine.elf 
   text	   data	    bss	    dec	    hex	filename
  37456	    164	   4412	  42032	   a430	DiscoF411_StateMachine.elf
Finished building: default.size.stdout
 
23:18:45 **** Incremental Build of configuration Debug for project DiscoF411_StateMachine ****
make -j16 all 
arm-none-eabi-gcc "../source/uart_app.c" -mcpu=cortex-m4 -std=gnu11 -g3 -DDEBUG -DUSE_HAL_DRIVER -DSTM32F411xE -c -I../USB_HOST/App -I"C:/Users/Agrica/Desktop/DESKTOP/Projeler/StateMachine/DiscoF411_StateMachine/source" -I../USB_HOST/Target -I../Core/Inc -I../Drivers/STM32F4xx_HAL_Driver/Inc -I../Drivers/STM32F4xx_HAL_Driver/Inc/Legacy -I../Middlewares/ST/STM32_USB_Host_Library/Core/Inc -I../Middlewares/ST/STM32_USB_Host_Library/Class/CDC/Inc -I../Drivers/CMSIS/Device/ST/STM32F4xx/Include -I../Drivers/CMSIS/Include -O0 -ffunction-sections -fdata-sections -Wall -fstack-usage -fcyclomatic-complexity -MMD -MP -MF"source/uart_app.d" -MT"source/uart_app.o" --specs=nano.specs -mfpu=fpv4-sp-d16 -mfloat-abi=hard -mthumb -o "source/uart_app.o"
arm-none-eabi-gcc -o "DiscoF411_StateMachine.elf" @"objects.list"   -mcpu=cortex-m4 -T"C:\Users\Agrica\Desktop\DESKTOP\Projeler\StateMachine\DiscoF411_StateMachine\STM32F411VETX_FLASH.ld" --specs=nosys.specs -Wl,-Map="DiscoF411_StateMachine.map" -Wl,--gc-sections -static --specs=nano.specs -mfpu=fpv4-sp-d16 -mfloat-abi=hard -mthumb -Wl,--start-group -lc -lm -Wl,--end-group
Finished building target: DiscoF411_StateMachine.elf
 
arm-none-eabi-size   DiscoF411_StateMachine.elf 
arm-none-eabi-objdump -h -S  DiscoF411_StateMachine.elf  > "DiscoF411_StateMachine.list"
   text	   data	    bss	    dec	    hex	filename
  37472	    164	   4412	  42048	   a440	DiscoF411_StateMachine.elf
Finished building: default.size.stdout
 
Finished building: DiscoF411_StateMachine.list
 
23:18:58 **** Incremental Build of configuration Debug for project DiscoF411_StateMachine ****
make -j16 all 
arm-none-eabi-gcc "../source/uart_app.c" -mcpu=cortex-m4 -std=gnu11 -g3 -DDEBUG -DUSE_HAL_DRIVER -DSTM32F411xE -c -I../USB_HOST/App -I"C:/Users/Agrica/Desktop/DESKTOP/Projeler/StateMachine/DiscoF411_StateMachine/source" -I../USB_HOST/Target -I../Core/Inc -I../Drivers/STM32F4xx_HAL_Driver/Inc -I../Drivers/STM32F4xx_HAL_Driver/Inc/Legacy -I../Middlewares/ST/STM32_USB_Host_Library/Core/Inc -I../Middlewares/ST/STM32_USB_Host_Library/Class/CDC/Inc -I../Drivers/CMSIS/Device/ST/STM32F4xx/Include -I../Drivers/CMSIS/Include -O0 -ffunction-sections -fdata-sections -Wall -fstack-usage -fcyclomatic-complexity -MMD -MP -MF"source/uart_app.d" -MT"source/uart_app.o" --specs=nano.specs -mfpu=fpv4-sp-d16 -mfloat-abi=hard -mthumb -o "source/uart_app.o"
arm-none-eabi-gcc -o "DiscoF411_StateMachine.elf" @"objects.list"   -mcpu=cortex-m4 -T"C:\Users\Agrica\Desktop\DESKTOP\Projeler\StateMachine\DiscoF411_StateMachine\STM32F411VETX_FLASH.ld" --specs=nosys.specs -Wl,-Map="DiscoF411_StateMachine.map" -Wl,--gc-sections -static --specs=nano.specs -mfpu=fpv4-sp-d16 -mfloat-abi=hard -mthumb -Wl,--start-group -lc -lm -Wl,--end-group
Finished building target: DiscoF411_StateMachine.elf
 
arm-none-eabi-size   DiscoF411_StateMachine.elf 
arm-none-eabi-objdump -h -S  DiscoF411_StateMachine.elf  > "DiscoF411_StateMachine.list"
   text	   data	    bss	    dec	    hex	filename
  37472	    164	   4412	  42048	   a440	DiscoF411_StateMachine.elf
Finished building: default.size.stdout
 
Finished building: DiscoF411_StateMachine.list
 
23:31:57 **** Incremental Build of configuration Debug for project DiscoF411_StateMachine ****
make -j16 all 
arm-none-eabi-gcc "../source/uart_app.c" -mcpu=cortex-m4 -std=gnu11 -g3 -DDEBUG -DUSE_HAL_DRIVER -DSTM32F411xE -c -I../USB_HOST/App -I"C:/Users/Agrica/Desktop/DESKTOP/Projeler/StateMachine/DiscoF411_StateMachine/source" -I../USB_HOST/Target -I../Core/Inc -I../Drivers/STM32F4xx_HAL_Driver/Inc -I../Drivers/STM32F4xx_HAL_Driver/Inc/Legacy -I../Middlewares/ST/STM32_USB_Host_Library/Core/Inc -I../Middlewares/ST/STM32_USB_Host_Library/Class/CDC/Inc -I../Drivers/CMSIS/Device/ST/STM32F4xx/Include -I../Drivers/CMSIS/Include -O0 -ffunction-sections -fdata-sections -Wall -fstack-usage -fcyclomatic-complexity -MMD -MP -MF"source/uart_app.d" -MT"source/uart_app.o" --specs=nano.specs -mfpu=fpv4-sp-d16 -mfloat-abi=hard -mthumb -o "source/uart_app.o"
arm-none-eabi-gcc -o "DiscoF411_StateMachine.elf" @"objects.list"   -mcpu=cortex-m4 -T"C:\Users\Agrica\Desktop\DESKTOP\Projeler\StateMachine\DiscoF411_StateMachine\STM32F411VETX_FLASH.ld" --specs=nosys.specs -Wl,-Map="DiscoF411_StateMachine.map" -Wl,--gc-sections -static --specs=nano.specs -mfpu=fpv4-sp-d16 -mfloat-abi=hard -mthumb -Wl,--start-group -lc -lm -Wl,--end-group
Finished building target: DiscoF411_StateMachine.elf
 
arm-none-eabi-size   DiscoF411_StateMachine.elf 
arm-none-eabi-objdump -h -S  DiscoF411_StateMachine.elf  > "DiscoF411_StateMachine.list"
   text	   data	    bss	    dec	    hex	filename
  37512	    164	   4412	  42088	   a468	DiscoF411_StateMachine.elf
Finished building: default.size.stdout
 
Finished building: DiscoF411_StateMachine.list
 
23:34:35 **** Incremental Build of configuration Debug for project DiscoF411_StateMachine ****
make -j16 all 
arm-none-eabi-gcc "../source/uart_app.c" -mcpu=cortex-m4 -std=gnu11 -g3 -DDEBUG -DUSE_HAL_DRIVER -DSTM32F411xE -c -I../USB_HOST/App -I"C:/Users/Agrica/Desktop/DESKTOP/Projeler/StateMachine/DiscoF411_StateMachine/source" -I../USB_HOST/Target -I../Core/Inc -I../Drivers/STM32F4xx_HAL_Driver/Inc -I../Drivers/STM32F4xx_HAL_Driver/Inc/Legacy -I../Middlewares/ST/STM32_USB_Host_Library/Core/Inc -I../Middlewares/ST/STM32_USB_Host_Library/Class/CDC/Inc -I../Drivers/CMSIS/Device/ST/STM32F4xx/Include -I../Drivers/CMSIS/Include -O0 -ffunction-sections -fdata-sections -Wall -fstack-usage -fcyclomatic-complexity -MMD -MP -MF"source/uart_app.d" -MT"source/uart_app.o" --specs=nano.specs -mfpu=fpv4-sp-d16 -mfloat-abi=hard -mthumb -o "source/uart_app.o"
arm-none-eabi-gcc -o "DiscoF411_StateMachine.elf" @"objects.list"   -mcpu=cortex-m4 -T"C:\Users\Agrica\Desktop\DESKTOP\Projeler\StateMachine\DiscoF411_StateMachine\STM32F411VETX_FLASH.ld" --specs=nosys.specs -Wl,-Map="DiscoF411_StateMachine.map" -Wl,--gc-sections -static --specs=nano.specs -mfpu=fpv4-sp-d16 -mfloat-abi=hard -mthumb -Wl,--start-group -lc -lm -Wl,--end-group
Finished building target: DiscoF411_StateMachine.elf
 
arm-none-eabi-size   DiscoF411_StateMachine.elf 
arm-none-eabi-objdump -h -S  DiscoF411_StateMachine.elf  > "DiscoF411_StateMachine.list"
   text	   data	    bss	    dec	    hex	filename
  37480	    164	   4412	  42056	   a448	DiscoF411_StateMachine.elf
Finished building: default.size.stdout
 
Finished building: DiscoF411_StateMachine.list
 
23:34:38 **** Incremental Build of configuration Debug for project DiscoF411_StateMachine ****
make -j16 all 
arm-none-eabi-size   DiscoF411_StateMachine.elf 
   text	   data	    bss	    dec	    hex	filename
  37480	    164	   4412	  42056	   a448	DiscoF411_StateMachine.elf
Finished building: default.size.stdout
 
23:38:39 **** Incremental Build of configuration Debug for project DiscoF411_StateMachine ****
make -j16 all 
arm-none-eabi-gcc "../source/application.c" -mcpu=cortex-m4 -std=gnu11 -g3 -DDEBUG -DUSE_HAL_DRIVER -DSTM32F411xE -c -I../USB_HOST/App -I"C:/Users/Agrica/Desktop/DESKTOP/Projeler/StateMachine/DiscoF411_StateMachine/source" -I../USB_HOST/Target -I../Core/Inc -I../Drivers/STM32F4xx_HAL_Driver/Inc -I../Drivers/STM32F4xx_HAL_Driver/Inc/Legacy -I../Middlewares/ST/STM32_USB_Host_Library/Core/Inc -I../Middlewares/ST/STM32_USB_Host_Library/Class/CDC/Inc -I../Drivers/CMSIS/Device/ST/STM32F4xx/Include -I../Drivers/CMSIS/Include -O0 -ffunction-sections -fdata-sections -Wall -fstack-usage -fcyclomatic-complexity -MMD -MP -MF"source/application.d" -MT"source/application.o" --specs=nano.specs -mfpu=fpv4-sp-d16 -mfloat-abi=hard -mthumb -o "source/application.o"
arm-none-eabi-gcc "../source/uart_app.c" -mcpu=cortex-m4 -std=gnu11 -g3 -DDEBUG -DUSE_HAL_DRIVER -DSTM32F411xE -c -I../USB_HOST/App -I"C:/Users/Agrica/Desktop/DESKTOP/Projeler/StateMachine/DiscoF411_StateMachine/source" -I../USB_HOST/Target -I../Core/Inc -I../Drivers/STM32F4xx_HAL_Driver/Inc -I../Drivers/STM32F4xx_HAL_Driver/Inc/Legacy -I../Middlewares/ST/STM32_USB_Host_Library/Core/Inc -I../Middlewares/ST/STM32_USB_Host_Library/Class/CDC/Inc -I../Drivers/CMSIS/Device/ST/STM32F4xx/Include -I../Drivers/CMSIS/Include -O0 -ffunction-sections -fdata-sections -Wall -fstack-usage -fcyclomatic-complexity -MMD -MP -MF"source/uart_app.d" -MT"source/uart_app.o" --specs=nano.specs -mfpu=fpv4-sp-d16 -mfloat-abi=hard -mthumb -o "source/uart_app.o"
arm-none-eabi-gcc "../Core/Src/dma.c" -mcpu=cortex-m4 -std=gnu11 -g3 -DDEBUG -DUSE_HAL_DRIVER -DSTM32F411xE -c -I../USB_HOST/App -I"C:/Users/Agrica/Desktop/DESKTOP/Projeler/StateMachine/DiscoF411_StateMachine/source" -I../USB_HOST/Target -I../Core/Inc -I../Drivers/STM32F4xx_HAL_Driver/Inc -I../Drivers/STM32F4xx_HAL_Driver/Inc/Legacy -I../Middlewares/ST/STM32_USB_Host_Library/Core/Inc -I../Middlewares/ST/STM32_USB_Host_Library/Class/CDC/Inc -I../Drivers/CMSIS/Device/ST/STM32F4xx/Include -I../Drivers/CMSIS/Include -O0 -ffunction-sections -fdata-sections -Wall -fstack-usage -fcyclomatic-complexity -MMD -MP -MF"Core/Src/dma.d" -MT"Core/Src/dma.o" --specs=nano.specs -mfpu=fpv4-sp-d16 -mfloat-abi=hard -mthumb -o "Core/Src/dma.o"
arm-none-eabi-gcc "../Core/Src/stm32f4xx_it.c" -mcpu=cortex-m4 -std=gnu11 -g3 -DDEBUG -DUSE_HAL_DRIVER -DSTM32F411xE -c -I../USB_HOST/App -I"C:/Users/Agrica/Desktop/DESKTOP/Projeler/StateMachine/DiscoF411_StateMachine/source" -I../USB_HOST/Target -I../Core/Inc -I../Drivers/STM32F4xx_HAL_Driver/Inc -I../Drivers/STM32F4xx_HAL_Driver/Inc/Legacy -I../Middlewares/ST/STM32_USB_Host_Library/Core/Inc -I../Middlewares/ST/STM32_USB_Host_Library/Class/CDC/Inc -I../Drivers/CMSIS/Device/ST/STM32F4xx/Include -I../Drivers/CMSIS/Include -O0 -ffunction-sections -fdata-sections -Wall -fstack-usage -fcyclomatic-complexity -MMD -MP -MF"Core/Src/stm32f4xx_it.d" -MT"Core/Src/stm32f4xx_it.o" --specs=nano.specs -mfpu=fpv4-sp-d16 -mfloat-abi=hard -mthumb -o "Core/Src/stm32f4xx_it.o"
arm-none-eabi-gcc -o "DiscoF411_StateMachine.elf" @"objects.list"   -mcpu=cortex-m4 -T"C:\Users\Agrica\Desktop\DESKTOP\Projeler\StateMachine\DiscoF411_StateMachine\STM32F411VETX_FLASH.ld" --specs=nosys.specs -Wl,-Map="DiscoF411_StateMachine.map" -Wl,--gc-sections -static --specs=nano.specs -mfpu=fpv4-sp-d16 -mfloat-abi=hard -mthumb -Wl,--start-group -lc -lm -Wl,--end-group
Finished building target: DiscoF411_StateMachine.elf
 
arm-none-eabi-size   DiscoF411_StateMachine.elf 
arm-none-eabi-objdump -h -S  DiscoF411_StateMachine.elf  > "DiscoF411_StateMachine.list"
   text	   data	    bss	    dec	    hex	filename
  36624	    164	   4412	  41200	   a0f0	DiscoF411_StateMachine.elf
Finished building: default.size.stdout
 
Finished building: DiscoF411_StateMachine.list
 
23:39:05 **** Incremental Build of configuration Debug for project DiscoF411_StateMachine ****
make -j16 all 
arm-none-eabi-size   DiscoF411_StateMachine.elf 
   text	   data	    bss	    dec	    hex	filename
  36624	    164	   4412	  41200	   a0f0	DiscoF411_StateMachine.elf
Finished building: default.size.stdout
 
23:40:24 **** Incremental Build of configuration Debug for project DiscoF411_StateMachine ****
make -j16 all 
arm-none-eabi-gcc "../Core/Src/dma.c" -mcpu=cortex-m4 -std=gnu11 -g3 -DDEBUG -DUSE_HAL_DRIVER -DSTM32F411xE -c -I../USB_HOST/App -I"C:/Users/Agrica/Desktop/DESKTOP/Projeler/StateMachine/DiscoF411_StateMachine/source" -I../USB_HOST/Target -I../Core/Inc -I../Drivers/STM32F4xx_HAL_Driver/Inc -I../Drivers/STM32F4xx_HAL_Driver/Inc/Legacy -I../Middlewares/ST/STM32_USB_Host_Library/Core/Inc -I../Middlewares/ST/STM32_USB_Host_Library/Class/CDC/Inc -I../Drivers/CMSIS/Device/ST/STM32F4xx/Include -I../Drivers/CMSIS/Include -O0 -ffunction-sections -fdata-sections -Wall -fstack-usage -fcyclomatic-complexity -MMD -MP -MF"Core/Src/dma.d" -MT"Core/Src/dma.o" --specs=nano.specs -mfpu=fpv4-sp-d16 -mfloat-abi=hard -mthumb -o "Core/Src/dma.o"
arm-none-eabi-gcc "../Core/Src/stm32f4xx_it.c" -mcpu=cortex-m4 -std=gnu11 -g3 -DDEBUG -DUSE_HAL_DRIVER -DSTM32F411xE -c -I../USB_HOST/App -I"C:/Users/Agrica/Desktop/DESKTOP/Projeler/StateMachine/DiscoF411_StateMachine/source" -I../USB_HOST/Target -I../Core/Inc -I../Drivers/STM32F4xx_HAL_Driver/Inc -I../Drivers/STM32F4xx_HAL_Driver/Inc/Legacy -I../Middlewares/ST/STM32_USB_Host_Library/Core/Inc -I../Middlewares/ST/STM32_USB_Host_Library/Class/CDC/Inc -I../Drivers/CMSIS/Device/ST/STM32F4xx/Include -I../Drivers/CMSIS/Include -O0 -ffunction-sections -fdata-sections -Wall -fstack-usage -fcyclomatic-complexity -MMD -MP -MF"Core/Src/stm32f4xx_it.d" -MT"Core/Src/stm32f4xx_it.o" --specs=nano.specs -mfpu=fpv4-sp-d16 -mfloat-abi=hard -mthumb -o "Core/Src/stm32f4xx_it.o"
arm-none-eabi-gcc -o "DiscoF411_StateMachine.elf" @"objects.list"   -mcpu=cortex-m4 -T"C:\Users\Agrica\Desktop\DESKTOP\Projeler\StateMachine\DiscoF411_StateMachine\STM32F411VETX_FLASH.ld" --specs=nosys.specs -Wl,-Map="DiscoF411_StateMachine.map" -Wl,--gc-sections -static --specs=nano.specs -mfpu=fpv4-sp-d16 -mfloat-abi=hard -mthumb -Wl,--start-group -lc -lm -Wl,--end-group
Finished building target: DiscoF411_StateMachine.elf
 
arm-none-eabi-size   DiscoF411_StateMachine.elf 
arm-none-eabi-objdump -h -S  DiscoF411_StateMachine.elf  > "DiscoF411_StateMachine.list"
   text	   data	    bss	    dec	    hex	filename
  37480	    164	   4412	  42056	   a448	DiscoF411_StateMachine.elf
Finished building: default.size.stdout
 
Finished building: DiscoF411_StateMachine.list
 
23:42:16 **** Incremental Build of configuration Debug for project DiscoF411_StateMachine ****
make -j16 all 
arm-none-eabi-gcc "../source/application.c" -mcpu=cortex-m4 -std=gnu11 -g3 -DDEBUG -DUSE_HAL_DRIVER -DSTM32F411xE -c -I../USB_HOST/App -I"C:/Users/Agrica/Desktop/DESKTOP/Projeler/StateMachine/DiscoF411_StateMachine/source" -I../USB_HOST/Target -I../Core/Inc -I../Drivers/STM32F4xx_HAL_Driver/Inc -I../Drivers/STM32F4xx_HAL_Driver/Inc/Legacy -I../Middlewares/ST/STM32_USB_Host_Library/Core/Inc -I../Middlewares/ST/STM32_USB_Host_Library/Class/CDC/Inc -I../Drivers/CMSIS/Device/ST/STM32F4xx/Include -I../Drivers/CMSIS/Include -O0 -ffunction-sections -fdata-sections -Wall -fstack-usage -fcyclomatic-complexity -MMD -MP -MF"source/application.d" -MT"source/application.o" --specs=nano.specs -mfpu=fpv4-sp-d16 -mfloat-abi=hard -mthumb -o "source/application.o"
arm-none-eabi-gcc -o "DiscoF411_StateMachine.elf" @"objects.list"   -mcpu=cortex-m4 -T"C:\Users\Agrica\Desktop\DESKTOP\Projeler\StateMachine\DiscoF411_StateMachine\STM32F411VETX_FLASH.ld" --specs=nosys.specs -Wl,-Map="DiscoF411_StateMachine.map" -Wl,--gc-sections -static --specs=nano.specs -mfpu=fpv4-sp-d16 -mfloat-abi=hard -mthumb -Wl,--start-group -lc -lm -Wl,--end-group
Finished building target: DiscoF411_StateMachine.elf
 
arm-none-eabi-size   DiscoF411_StateMachine.elf 
arm-none-eabi-objdump -h -S  DiscoF411_StateMachine.elf  > "DiscoF411_StateMachine.list"
   text	   data	    bss	    dec	    hex	filename
  37480	    164	   4412	  42056	   a448	DiscoF411_StateMachine.elf
Finished building: default.size.stdout
 
Finished building: DiscoF411_StateMachine.list
 
23:44:02 **** Incremental Build of configuration Debug for project DiscoF411_StateMachine ****
make -j16 all 
arm-none-eabi-gcc "../source/uart_app.c" -mcpu=cortex-m4 -std=gnu11 -g3 -DDEBUG -DUSE_HAL_DRIVER -DSTM32F411xE -c -I../USB_HOST/App -I"C:/Users/Agrica/Desktop/DESKTOP/Projeler/StateMachine/DiscoF411_StateMachine/source" -I../USB_HOST/Target -I../Core/Inc -I../Drivers/STM32F4xx_HAL_Driver/Inc -I../Drivers/STM32F4xx_HAL_Driver/Inc/Legacy -I../Middlewares/ST/STM32_USB_Host_Library/Core/Inc -I../Middlewares/ST/STM32_USB_Host_Library/Class/CDC/Inc -I../Drivers/CMSIS/Device/ST/STM32F4xx/Include -I../Drivers/CMSIS/Include -O0 -ffunction-sections -fdata-sections -Wall -fstack-usage -fcyclomatic-complexity -MMD -MP -MF"source/uart_app.d" -MT"source/uart_app.o" --specs=nano.specs -mfpu=fpv4-sp-d16 -mfloat-abi=hard -mthumb -o "source/uart_app.o"
arm-none-eabi-gcc -o "DiscoF411_StateMachine.elf" @"objects.list"   -mcpu=cortex-m4 -T"C:\Users\Agrica\Desktop\DESKTOP\Projeler\StateMachine\DiscoF411_StateMachine\STM32F411VETX_FLASH.ld" --specs=nosys.specs -Wl,-Map="DiscoF411_StateMachine.map" -Wl,--gc-sections -static --specs=nano.specs -mfpu=fpv4-sp-d16 -mfloat-abi=hard -mthumb -Wl,--start-group -lc -lm -Wl,--end-group
Finished building target: DiscoF411_StateMachine.elf
 
arm-none-eabi-size   DiscoF411_StateMachine.elf 
arm-none-eabi-objdump -h -S  DiscoF411_StateMachine.elf  > "DiscoF411_StateMachine.list"
   text	   data	    bss	    dec	    hex	filename
  37452	    164	   4412	  42028	   a42c	DiscoF411_StateMachine.elf
Finished building: default.size.stdout
 
Finished building: DiscoF411_StateMachine.list
 
23:47:25 **** Incremental Build of configuration Debug for project DiscoF411_StateMachine ****
make -j16 all 
arm-none-eabi-gcc "../source/uart_app.c" -mcpu=cortex-m4 -std=gnu11 -g3 -DDEBUG -DUSE_HAL_DRIVER -DSTM32F411xE -c -I../USB_HOST/App -I"C:/Users/Agrica/Desktop/DESKTOP/Projeler/StateMachine/DiscoF411_StateMachine/source" -I../USB_HOST/Target -I../Core/Inc -I../Drivers/STM32F4xx_HAL_Driver/Inc -I../Drivers/STM32F4xx_HAL_Driver/Inc/Legacy -I../Middlewares/ST/STM32_USB_Host_Library/Core/Inc -I../Middlewares/ST/STM32_USB_Host_Library/Class/CDC/Inc -I../Drivers/CMSIS/Device/ST/STM32F4xx/Include -I../Drivers/CMSIS/Include -O0 -ffunction-sections -fdata-sections -Wall -fstack-usage -fcyclomatic-complexity -MMD -MP -MF"source/uart_app.d" -MT"source/uart_app.o" --specs=nano.specs -mfpu=fpv4-sp-d16 -mfloat-abi=hard -mthumb -o "source/uart_app.o"
arm-none-eabi-gcc -o "DiscoF411_StateMachine.elf" @"objects.list"   -mcpu=cortex-m4 -T"C:\Users\Agrica\Desktop\DESKTOP\Projeler\StateMachine\DiscoF411_StateMachine\STM32F411VETX_FLASH.ld" --specs=nosys.specs -Wl,-Map="DiscoF411_StateMachine.map" -Wl,--gc-sections -static --specs=nano.specs -mfpu=fpv4-sp-d16 -mfloat-abi=hard -mthumb -Wl,--start-group -lc -lm -Wl,--end-group
Finished building target: DiscoF411_StateMachine.elf
 
arm-none-eabi-size   DiscoF411_StateMachine.elf 
arm-none-eabi-objdump -h -S  DiscoF411_StateMachine.elf  > "DiscoF411_StateMachine.list"
   text	   data	    bss	    dec	    hex	filename
  37480	    164	   4412	  42056	   a448	DiscoF411_StateMachine.elf
Finished building: default.size.stdout
 
Finished building: DiscoF411_StateMachine.list
 
23:50:55 **** Incremental Build of configuration Debug for project DiscoF411_StateMachine ****
make -j16 all 
arm-none-eabi-gcc "../source/uart_app.c" -mcpu=cortex-m4 -std=gnu11 -g3 -DDEBUG -DUSE_HAL_DRIVER -DSTM32F411xE -c -I../USB_HOST/App -I"C:/Users/Agrica/Desktop/DESKTOP/Projeler/StateMachine/DiscoF411_StateMachine/source" -I../USB_HOST/Target -I../Core/Inc -I../Drivers/STM32F4xx_HAL_Driver/Inc -I../Drivers/STM32F4xx_HAL_Driver/Inc/Legacy -I../Middlewares/ST/STM32_USB_Host_Library/Core/Inc -I../Middlewares/ST/STM32_USB_Host_Library/Class/CDC/Inc -I../Drivers/CMSIS/Device/ST/STM32F4xx/Include -I../Drivers/CMSIS/Include -O0 -ffunction-sections -fdata-sections -Wall -fstack-usage -fcyclomatic-complexity -MMD -MP -MF"source/uart_app.d" -MT"source/uart_app.o" --specs=nano.specs -mfpu=fpv4-sp-d16 -mfloat-abi=hard -mthumb -o "source/uart_app.o"
In file included from ../Core/Inc/stm32f4xx_hal_conf.h:411,
                 from ../Drivers/STM32F4xx_HAL_Driver/Inc/stm32f4xx_hal.h:29,
                 from ../Core/Inc/main.h:30,
                 from ../source/integration.h:14,
                 from ../source/uart_app.h:11,
                 from ../source/uart_app.c:7:
../source/uart_app.c: In function 'uartSendDMA':
../Drivers/STM32F4xx_HAL_Driver/Inc/stm32f4xx_hal_uart.h:447:65: error: 'huart' is a pointer; did you mean to use '->'?
  447 | #define __HAL_UART_GET_FLAG(__HANDLE__, __FLAG__) (((__HANDLE__)->Instance->SR & (__FLAG__)) == (__FLAG__))
      |                                                                 ^~
../source/uart_app.c:46:12: note: in expansion of macro '__HAL_UART_GET_FLAG'
   46 |         if(__HAL_UART_GET_FLAG(&huart,UART_FLAG_TC))
      |            ^~~~~~~~~~~~~~~~~~~
../Drivers/STM32F4xx_HAL_Driver/Inc/stm32f4xx_hal_uart.h:471:66: error: 'huart' is a pointer; did you mean to use '->'?
  471 | #define __HAL_UART_CLEAR_FLAG(__HANDLE__, __FLAG__) ((__HANDLE__)->Instance->SR = ~(__FLAG__))
      |                                                                  ^~
../source/uart_app.c:48:17: note: in expansion of macro '__HAL_UART_CLEAR_FLAG'
   48 |                 __HAL_UART_CLEAR_FLAG(&huart,UART_FLAG_TC);
      |                 ^~~~~~~~~~~~~~~~~~~~~
make: *** [source/subdir.mk:31: source/uart_app.o] Error 1
"make -j16 all" terminated with exit code 2. Build might be incomplete.
23:51:26 **** Incremental Build of configuration Debug for project DiscoF411_StateMachine ****
make -j16 all 
arm-none-eabi-gcc "../source/uart_app.c" -mcpu=cortex-m4 -std=gnu11 -g3 -DDEBUG -DUSE_HAL_DRIVER -DSTM32F411xE -c -I../USB_HOST/App -I"C:/Users/Agrica/Desktop/DESKTOP/Projeler/StateMachine/DiscoF411_StateMachine/source" -I../USB_HOST/Target -I../Core/Inc -I../Drivers/STM32F4xx_HAL_Driver/Inc -I../Drivers/STM32F4xx_HAL_Driver/Inc/Legacy -I../Middlewares/ST/STM32_USB_Host_Library/Core/Inc -I../Middlewares/ST/STM32_USB_Host_Library/Class/CDC/Inc -I../Drivers/CMSIS/Device/ST/STM32F4xx/Include -I../Drivers/CMSIS/Include -O0 -ffunction-sections -fdata-sections -Wall -fstack-usage -fcyclomatic-complexity -MMD -MP -MF"source/uart_app.d" -MT"source/uart_app.o" --specs=nano.specs -mfpu=fpv4-sp-d16 -mfloat-abi=hard -mthumb -o "source/uart_app.o"
arm-none-eabi-gcc -o "DiscoF411_StateMachine.elf" @"objects.list"   -mcpu=cortex-m4 -T"C:\Users\Agrica\Desktop\DESKTOP\Projeler\StateMachine\DiscoF411_StateMachine\STM32F411VETX_FLASH.ld" --specs=nosys.specs -Wl,-Map="DiscoF411_StateMachine.map" -Wl,--gc-sections -static --specs=nano.specs -mfpu=fpv4-sp-d16 -mfloat-abi=hard -mthumb -Wl,--start-group -lc -lm -Wl,--end-group
Finished building target: DiscoF411_StateMachine.elf
 
arm-none-eabi-size   DiscoF411_StateMachine.elf 
arm-none-eabi-objdump -h -S  DiscoF411_StateMachine.elf  > "DiscoF411_StateMachine.list"
   text	   data	    bss	    dec	    hex	filename
  37476	    164	   4412	  42052	   a444	DiscoF411_StateMachine.elf
Finished building: default.size.stdout
 
Finished building: DiscoF411_StateMachine.list
 
23:51:31 **** Incremental Build of configuration Debug for project DiscoF411_StateMachine ****
make -j16 all 
arm-none-eabi-size   DiscoF411_StateMachine.elf 
   text	   data	    bss	    dec	    hex	filename
  37476	    164	   4412	  42052	   a444	DiscoF411_StateMachine.elf
Finished building: default.size.stdout
 
00:04:47 **** Incremental Build of configuration Debug for project DiscoF411_StateMachine ****
make -j16 all 
arm-none-eabi-gcc "../source/uart_app.c" -mcpu=cortex-m4 -std=gnu11 -g3 -DDEBUG -DUSE_HAL_DRIVER -DSTM32F411xE -c -I../USB_HOST/App -I"C:/Users/Agrica/Desktop/DESKTOP/Projeler/StateMachine/DiscoF411_StateMachine/source" -I../USB_HOST/Target -I../Core/Inc -I../Drivers/STM32F4xx_HAL_Driver/Inc -I../Drivers/STM32F4xx_HAL_Driver/Inc/Legacy -I../Middlewares/ST/STM32_USB_Host_Library/Core/Inc -I../Middlewares/ST/STM32_USB_Host_Library/Class/CDC/Inc -I../Drivers/CMSIS/Device/ST/STM32F4xx/Include -I../Drivers/CMSIS/Include -O0 -ffunction-sections -fdata-sections -Wall -fstack-usage -fcyclomatic-complexity -MMD -MP -MF"source/uart_app.d" -MT"source/uart_app.o" --specs=nano.specs -mfpu=fpv4-sp-d16 -mfloat-abi=hard -mthumb -o "source/uart_app.o"
arm-none-eabi-gcc "../Core/Src/main.c" -mcpu=cortex-m4 -std=gnu11 -g3 -DDEBUG -DUSE_HAL_DRIVER -DSTM32F411xE -c -I../USB_HOST/App -I"C:/Users/Agrica/Desktop/DESKTOP/Projeler/StateMachine/DiscoF411_StateMachine/source" -I../USB_HOST/Target -I../Core/Inc -I../Drivers/STM32F4xx_HAL_Driver/Inc -I../Drivers/STM32F4xx_HAL_Driver/Inc/Legacy -I../Middlewares/ST/STM32_USB_Host_Library/Core/Inc -I../Middlewares/ST/STM32_USB_Host_Library/Class/CDC/Inc -I../Drivers/CMSIS/Device/ST/STM32F4xx/Include -I../Drivers/CMSIS/Include -O0 -ffunction-sections -fdata-sections -Wall -fstack-usage -fcyclomatic-complexity -MMD -MP -MF"Core/Src/main.d" -MT"Core/Src/main.o" --specs=nano.specs -mfpu=fpv4-sp-d16 -mfloat-abi=hard -mthumb -o "Core/Src/main.o"
arm-none-eabi-gcc -o "DiscoF411_StateMachine.elf" @"objects.list"   -mcpu=cortex-m4 -T"C:\Users\Agrica\Desktop\DESKTOP\Projeler\StateMachine\DiscoF411_StateMachine\STM32F411VETX_FLASH.ld" --specs=nosys.specs -Wl,-Map="DiscoF411_StateMachine.map" -Wl,--gc-sections -static --specs=nano.specs -mfpu=fpv4-sp-d16 -mfloat-abi=hard -mthumb -Wl,--start-group -lc -lm -Wl,--end-group
Finished building target: DiscoF411_StateMachine.elf
 
arm-none-eabi-size   DiscoF411_StateMachine.elf 
arm-none-eabi-objdump -h -S  DiscoF411_StateMachine.elf  > "DiscoF411_StateMachine.list"
   text	   data	    bss	    dec	    hex	filename
  37744	    164	   4412	  42320	   a550	DiscoF411_StateMachine.elf
Finished building: default.size.stdout
 
Finished building: DiscoF411_StateMachine.list
 
00:06:48 **** Incremental Build of configuration Debug for project DiscoF411_StateMachine ****
make -j16 all 
arm-none-eabi-gcc "../Core/Src/main.c" -mcpu=cortex-m4 -std=gnu11 -g3 -DDEBUG -DUSE_HAL_DRIVER -DSTM32F411xE -c -I../USB_HOST/App -I"C:/Users/Agrica/Desktop/DESKTOP/Projeler/StateMachine/DiscoF411_StateMachine/source" -I../USB_HOST/Target -I../Core/Inc -I../Drivers/STM32F4xx_HAL_Driver/Inc -I../Drivers/STM32F4xx_HAL_Driver/Inc/Legacy -I../Middlewares/ST/STM32_USB_Host_Library/Core/Inc -I../Middlewares/ST/STM32_USB_Host_Library/Class/CDC/Inc -I../Drivers/CMSIS/Device/ST/STM32F4xx/Include -I../Drivers/CMSIS/Include -O0 -ffunction-sections -fdata-sections -Wall -fstack-usage -fcyclomatic-complexity -MMD -MP -MF"Core/Src/main.d" -MT"Core/Src/main.o" --specs=nano.specs -mfpu=fpv4-sp-d16 -mfloat-abi=hard -mthumb -o "Core/Src/main.o"
arm-none-eabi-gcc -o "DiscoF411_StateMachine.elf" @"objects.list"   -mcpu=cortex-m4 -T"C:\Users\Agrica\Desktop\DESKTOP\Projeler\StateMachine\DiscoF411_StateMachine\STM32F411VETX_FLASH.ld" --specs=nosys.specs -Wl,-Map="DiscoF411_StateMachine.map" -Wl,--gc-sections -static --specs=nano.specs -mfpu=fpv4-sp-d16 -mfloat-abi=hard -mthumb -Wl,--start-group -lc -lm -Wl,--end-group
Finished building target: DiscoF411_StateMachine.elf
 
arm-none-eabi-size   DiscoF411_StateMachine.elf 
arm-none-eabi-objdump -h -S  DiscoF411_StateMachine.elf  > "DiscoF411_StateMachine.list"
   text	   data	    bss	    dec	    hex	filename
  37744	    164	   4412	  42320	   a550	DiscoF411_StateMachine.elf
Finished building: default.size.stdout
 
Finished building: DiscoF411_StateMachine.list
 
00:09:43 **** Incremental Build of configuration Debug for project DiscoF411_StateMachine ****
make -j16 all 
arm-none-eabi-size   DiscoF411_StateMachine.elf 
   text	   data	    bss	    dec	    hex	filename
  37744	    164	   4412	  42320	   a550	DiscoF411_StateMachine.elf
Finished building: default.size.stdout
 
00:10:59 **** Incremental Build of configuration Debug for project DiscoF411_StateMachine ****
make -j16 all 
arm-none-eabi-size   DiscoF411_StateMachine.elf 
   text	   data	    bss	    dec	    hex	filename
  37744	    164	   4412	  42320	   a550	DiscoF411_StateMachine.elf
Finished building: default.size.stdout
 
00:12:04 **** Incremental Build of configuration Debug for project DiscoF411_StateMachine ****
make -j16 all 
arm-none-eabi-gcc "../Core/Src/main.c" -mcpu=cortex-m4 -std=gnu11 -g3 -DDEBUG -DUSE_HAL_DRIVER -DSTM32F411xE -c -I../USB_HOST/App -I"C:/Users/Agrica/Desktop/DESKTOP/Projeler/StateMachine/DiscoF411_StateMachine/source" -I../USB_HOST/Target -I../Core/Inc -I../Drivers/STM32F4xx_HAL_Driver/Inc -I../Drivers/STM32F4xx_HAL_Driver/Inc/Legacy -I../Middlewares/ST/STM32_USB_Host_Library/Core/Inc -I../Middlewares/ST/STM32_USB_Host_Library/Class/CDC/Inc -I../Drivers/CMSIS/Device/ST/STM32F4xx/Include -I../Drivers/CMSIS/Include -O0 -ffunction-sections -fdata-sections -Wall -fstack-usage -fcyclomatic-complexity -MMD -MP -MF"Core/Src/main.d" -MT"Core/Src/main.o" --specs=nano.specs -mfpu=fpv4-sp-d16 -mfloat-abi=hard -mthumb -o "Core/Src/main.o"
arm-none-eabi-gcc -o "DiscoF411_StateMachine.elf" @"objects.list"   -mcpu=cortex-m4 -T"C:\Users\Agrica\Desktop\DESKTOP\Projeler\StateMachine\DiscoF411_StateMachine\STM32F411VETX_FLASH.ld" --specs=nosys.specs -Wl,-Map="DiscoF411_StateMachine.map" -Wl,--gc-sections -static --specs=nano.specs -mfpu=fpv4-sp-d16 -mfloat-abi=hard -mthumb -Wl,--start-group -lc -lm -Wl,--end-group
Finished building target: DiscoF411_StateMachine.elf
 
arm-none-eabi-size   DiscoF411_StateMachine.elf 
arm-none-eabi-objdump -h -S  DiscoF411_StateMachine.elf  > "DiscoF411_StateMachine.list"
   text	   data	    bss	    dec	    hex	filename
  37760	    164	   4412	  42336	   a560	DiscoF411_StateMachine.elf
Finished building: default.size.stdout
 
Finished building: DiscoF411_StateMachine.list
 
00:12:16 **** Incremental Build of configuration Debug for project DiscoF411_StateMachine ****
make -j16 all 
arm-none-eabi-size   DiscoF411_StateMachine.elf 
   text	   data	    bss	    dec	    hex	filename
  37760	    164	   4412	  42336	   a560	DiscoF411_StateMachine.elf
Finished building: default.size.stdout
 
